---
source: src/lib.rs
expression: "parse_template(b\"{% }} %}\")"
---
Ok(
    (
        [],
        [
            Special(
                TagPercent(
                    Ok(
                        "}}",
                    ),
                ),
            ),
        ],
    ),
)
