---
source: src/lib.rs
expression: "parse_template(b\"{{ #} }}\")"
---
Ok(
    (
        [],
        [
            Special(
                TagCurly(
                    Ok(
                        "#}",
                    ),
                ),
            ),
        ],
    ),
)
