---
source: src/lib.rs
expression: "parse_template(b\"{{ hello }}\")"
---
Ok(
    (
        NumberedInput {
            line_number: 0,
            i: [],
        },
        [
            NumberedBlock {
                line_number: 0,
                block: Special(
                    TagCurly(
                        Ok(
                            "hello",
                        ),
                    ),
                ),
            },
        ],
    ),
)
