---
source: src/lib.rs
expression: "parse_template(b\"{{ }} }}\")"
---
Err(
    Failure(
        Error {
            input: NumberedInput {
                line_number: 0,
                i: [
                    125,
                    125,
                ],
            },
            code: Tag,
        },
    ),
)
